<?xml version="1.0" encoding="utf-8"?><testsuites name="pytest tests"><testsuite name="pytest" errors="0" failures="0" skipped="0" tests="20" time="9.553" timestamp="2026-04-24T09:34:12.113679+05:00" hostname="Danish"><testcase classname="tests.api.test_auth" name="test_register_success" time="1.239" /><testcase classname="tests.api.test_auth" name="test_register_duplicate_email" time="0.298" /><testcase classname="tests.api.test_auth" name="test_register_weak_password" time="0.008" /><testcase classname="tests.api.test_auth" name="test_login_unverified_user" time="0.355" /><testcase classname="tests.api.test_auth" name="test_verify_email_success" time="0.714" /><testcase classname="tests.api.test_auth" name="test_login_success" time="0.382" /><testcase classname="tests.api.test_auth" name="test_login_wrong_credentials" time="0.342" /><testcase classname="tests.api.test_auth" name="test_login_rate_limiter" time="0.873" /><testcase classname="tests.api.test_auth" name="test_refresh_token_success" time="0.600" /><testcase classname="tests.api.test_main" name="test_health_check" time="0.010" /><testcase classname="tests.api.test_users" name="test_get_me_unauthorized" time="0.034" /><testcase classname="tests.api.test_users" name="test_get_me_success" time="0.498" /><testcase classname="tests.api.test_users" name="test_update_profile_success" time="0.599" /><testcase classname="tests.api.test_users" name="test_delete_user_account" time="0.621" /><testcase classname="tests.api.test_users" name="test_change_password_success" time="2.236" /><testcase classname="tests.core.test_security" name="test_forged_jwt_signature_rejected" time="0.026" /><testcase classname="tests.core.test_security" name="test_expired_jwt_rejected" time="0.008" /><testcase classname="tests.core.test_security" name="test_cors_allowed_origin" time="0.004" /><testcase classname="tests.core.test_security" name="test_cors_blocked_origin" time="0.007" /><testcase classname="tests.core.test_security" name="test_security_headers_present" time="0.339" /></testsuite></testsuites>